Nothing to build in platform 'Lab07bHW'

22:46:30 **** Build of configuration Debug for project Lab07bSW ****
make all 
make --no-print-directory pre-build
a9-linaro-pre-build-step
 
make --no-print-directory main-build
Building file: ../src/interrupt_counter.c
Invoking: ARM v7 gcc compiler
arm-none-eabi-gcc -Wall -O0 -g3 -c -fmessage-length=0 -MT"src/interrupt_counter.o" -mcpu=cortex-a9 -mfpu=vfpv3 -mfloat-abi=hard -I/home/skillet/git/ECE530/Lab07/Lab07bHW/export/Lab07bHW/sw/Lab07bHW/standalone_domain/bspinclude/include -MMD -MP -MF"src/interrupt_counter.d" -MT"src/interrupt_counter.o" -o "src/interrupt_counter.o" "../src/interrupt_counter.c"
../src/interrupt_counter.c: In function 'main':
../src/interrupt_counter.c:132:32: warning: passing argument 2 of 'XTmrCtr_SetHandler' from incompatible pointer type [-Wincompatible-pointer-types]
   XTmrCtr_SetHandler(&TMRInst, TMR_Intr_Handler, &TMRInst);
                                ^~~~~~~~~~~~~~~~
In file included from ../src/interrupt_counter.c:24:
/home/skillet/git/ECE530/Lab07/Lab07bHW/export/Lab07bHW/sw/Lab07bHW/standalone_domain/bspinclude/include/xtmrctr.h:315:64: note: expected 'XTmrCtr_Handler' {aka 'void (*)(void *, unsigned char)'} but argument is of type 'void (*)(void *)'
 void XTmrCtr_SetHandler(XTmrCtr * InstancePtr, XTmrCtr_Handler FuncPtr,
                                                ~~~~~~~~~~~~~~~~^~~~~~~
Finished building: ../src/interrupt_counter.c
 
Building target: Lab07bSW.elf
Invoking: ARM v7 gcc linker
arm-none-eabi-gcc -mcpu=cortex-a9 -mfpu=vfpv3 -mfloat-abi=hard -Wl,-build-id=none -specs=Xilinx.spec -Wl,-T -Wl,../src/lscript.ld -L/home/skillet/git/ECE530/Lab07/Lab07bHW/export/Lab07bHW/sw/Lab07bHW/standalone_domain/bsplib/lib -o "Lab07bSW.elf"  ./src/interrupt_counter.o   -Wl,--start-group,-lxil,-lgcc,-lc,--end-group
Finished building target: Lab07bSW.elf
 
Invoking: ARM v7 Print Size
arm-none-eabi-size Lab07bSW.elf  |tee "Lab07bSW.elf.size"
   text	   data	    bss	    dec	    hex	filename
  29712	   1968	  22680	  54360	   d458	Lab07bSW.elf
Finished building: Lab07bSW.elf.size
 
22:46:32 **** Build of configuration Debug for project Lab07bSW_system ****
make all 
Generating bif file for the system project
Executing command '::scw::generate_bif -xpfm /home/skillet/git/ECE530/Lab07/Lab07bHW/export/Lab07bHW/Lab07bHW.xpfm -domains standalone_domain -bifpath /home/skillet/git/ECE530/Lab07/Lab07bSW_system/Debug/system.bif' on XSCT
sdcard_gen --xpfm /home/skillet/git/ECE530/Lab07/Lab07bHW/export/Lab07bHW/Lab07bHW.xpfm --sys_config Lab07bHW --bif /home/skillet/git/ECE530/Lab07/Lab07bSW_system/Debug/system.bif --bitstream /home/skillet/git/ECE530/Lab07/Lab07bSW/_ide/bitstream/interrupt_counter_wrapper.bit --elf /home/skillet/git/ECE530/Lab07/Lab07bSW/Debug/Lab07bSW.elf,ps7_cortexa9_0
creating BOOT.BIN using /home/skillet/git/ECE530/Lab07/Lab07bSW/_ide/bitstream/interrupt_counter_wrapper.bit
Running /tools/Xilinx/Vitis/2019.2/bin/bootgen  -image /home/skillet/git/ECE530/Lab07/Lab07bSW_system/Debug/sd_card_temp/boot.bif -w -o i BOOT.BIN
