13:32:50 **** Incremental Build of configuration Debug for project Lab10RefSW ****
make all 
make --no-print-directory pre-build
a9-linaro-pre-build-step
 
make --no-print-directory main-build
Building file: ../src/display_demo.c
Invoking: ARM v7 gcc compiler
arm-none-eabi-gcc -Wall -O0 -g3 -c -fmessage-length=0 -MT"src/display_demo.o" -mcpu=cortex-a9 -mfpu=vfpv3 -mfloat-abi=hard -I/home/skillet/git/ECE530/Lab10/Lab10RefHW/export/Lab10RefHW/sw/Lab10RefHW/standalone_domain/bspinclude/include -MMD -MP -MF"src/display_demo.d" -MT"src/display_demo.o" -o "src/display_demo.o" "../src/display_demo.c"
Finished building: ../src/display_demo.c
 
Building file: ../src/main.c
Invoking: ARM v7 gcc compiler
arm-none-eabi-gcc -Wall -O0 -g3 -c -fmessage-length=0 -MT"src/main.o" -mcpu=cortex-a9 -mfpu=vfpv3 -mfloat-abi=hard -I/home/skillet/git/ECE530/Lab10/Lab10RefHW/export/Lab10RefHW/sw/Lab10RefHW/standalone_domain/bspinclude/include -MMD -MP -MF"src/main.d" -MT"src/main.o" -o "src/main.o" "../src/main.c"
Finished building: ../src/main.c
 
Building target: Lab10RefSW.elf
Invoking: ARM v7 gcc linker
arm-none-eabi-gcc -mcpu=cortex-a9 -mfpu=vfpv3 -mfloat-abi=hard -Wl,-build-id=none -specs=Xilinx.spec -Wl,-T -Wl,../src/lscript.ld -L/home/skillet/git/ECE530/Lab10/Lab10RefHW/export/Lab10RefHW/sw/Lab10RefHW/standalone_domain/bsplib/lib -o "Lab10RefSW.elf" ./src/display_ctrl.o ./src/display_demo.o ./src/main.o ./src/timer_ps.o   -Wl,--start-group,-lxil,-lgcc,-lc,--end-group
Finished building target: Lab10RefSW.elf
 
Invoking: ARM v7 Print Size
arm-none-eabi-size Lab10RefSW.elf  |tee "Lab10RefSW.elf.size"
   text	   data	    bss	    dec	    hex	filename
  81940	   2720	24909360	24994020	17d60e4	Lab10RefSW.elf
Finished building: Lab10RefSW.elf.size
 

13:32:51 Build Finished (took 417ms)

