07:14:46 **** Incremental Build of configuration Debug for project Lab09p1SW ****
make all 
make --no-print-directory pre-build
a9-linaro-pre-build-step
 
make --no-print-directory main-build
Building file: ../src/Lab09p1.c
Invoking: ARM v7 gcc compiler
arm-none-eabi-gcc -Wall -O0 -g3 -c -fmessage-length=0 -MT"src/Lab09p1.o" -mcpu=cortex-a9 -mfpu=vfpv3 -mfloat-abi=hard -I/home/skillet/git/ECE530/Lab09/Lab09p1HW/export/Lab09p1HW/sw/Lab09p1HW/standalone_domain/bspinclude/include -MMD -MP -MF"src/Lab09p1.d" -MT"src/Lab09p1.o" -o "src/Lab09p1.o" "../src/Lab09p1.c"
Finished building: ../src/Lab09p1.c
 
Building target: Lab09p1SW.elf
Invoking: ARM v7 gcc linker
arm-none-eabi-gcc -mcpu=cortex-a9 -mfpu=vfpv3 -mfloat-abi=hard -Wl,-build-id=none -specs=Xilinx.spec -Wl,-T -Wl,../src/lscript.ld -L/home/skillet/git/ECE530/Lab09/Lab09p1HW/export/Lab09p1HW/sw/Lab09p1HW/standalone_domain/bsplib/lib -o "Lab09p1SW.elf" ./src/Lab09p1.o   -Wl,--start-group,-lxil,-lgcc,-lc,--end-group
Finished building target: Lab09p1SW.elf
 
Invoking: ARM v7 Print Size
arm-none-eabi-size Lab09p1SW.elf  |tee "Lab09p1SW.elf.size"
   text	   data	    bss	    dec	    hex	filename
  64184	   2608	  23456	  90248	  16088	Lab09p1SW.elf
Finished building: Lab09p1SW.elf.size
 

07:14:46 Build Finished (took 367ms)

